23:08:37 **** Build of configuration Debug for project dotPainter ****
make pre-build main-build 
a9-linaro-pre-build-step
' '
'Building file: ../src/main.c'
'Invoking: ARM v7 gcc compiler'
arm-none-eabi-gcc -Wall -O0 -g3 -c -fmessage-length=0 -MT"src/main.o" -mcpu=cortex-a9 -mfpu=vfpv3 -mfloat-abi=hard -I../../dotPainter_bsp/ps7_cortexa9_0/include -MMD -MP -MF"src/main.d" -MT"src/main.o" -o "src/main.o" "../src/main.c"
'Finished building: ../src/main.c'
' '
'Building target: dotPainter.elf'
'Invoking: ARM v7 gcc linker'
arm-none-eabi-gcc -mcpu=cortex-a9 -mfpu=vfpv3 -mfloat-abi=hard -Wl,-build-id=none -specs=Xilinx.spec -Wl,-T -Wl,../src/lscript.ld -L../../dotPainter_bsp/ps7_cortexa9_0/lib -o "dotPainter.elf"  ./src/main.o   -Wl,--start-group,-lxil,-lgcc,-lc,--end-group
'Finished building target: dotPainter.elf'
' '
'Invoking: ARM v7 Print Size'
arm-none-eabi-size dotPainter.elf  |tee "dotPainter.elf.size"
   text	   data	    bss	    dec	    hex	filename
  36920	   1544	  23816	  62280	   f348	dotPainter.elf
'Finished building: dotPainter.elf.size'
' '

23:08:38 Build Finished (took 1s.4ms)

